1	how	_	ADV	WRB	_	2	advmod	_	_
2	are	_	VERB	VBP	_	0	ROOT	_	_
3	you	_	PRON	PRP	_	2	nsubj	_	_
